]0;~/Google Drive/RWORK/packages/coxhd[?1034hgerstung01-ml:coxhd ruibarrigana$ [Kgerstung01-ml:coxhd ruibarrigana$ ls
DESCRIPTION	NAMESPACE	README.md	coxhd.Rproj	man
Makefile	R		Test		inst		src
]0;~/Google Drive/RWORK/packages/coxhdgerstung01-ml:coxhd ruibarrigana$ cd R
]0;~/Google Drive/RWORK/packages/coxhd/Rgerstung01-ml:R ruibarrigana$ ls
CoxCPSS.R			Experimental.R			probtrans_auxiliary_functions.R
CoxHD-package.R			Simulate.R			r_concave_tail.R
CoxRFX.R			Tools.R
]0;~/Google Drive/RWORK/packages/coxhd/Rgerstung01-ml:R ruibarrigana$ 
]0;~/Google Drive/RWORK/packages/coxhd/Rgerstung01-ml:R ruibarrigana$ ls-l
bash: ls-l: command not found
]0;~/Google Drive/RWORK/packages/coxhd/Rgerstung01-ml:R ruibarrigana$ ls-l -l
total 144
-rw-r--r--  1 ruibarrigana  EBI\Domain Users  11888 13 Nov 12:15 CoxCPSS.R
-rw-r--r--@ 1 ruibarrigana  EBI\Domain Users    730 16 Nov 16:23 CoxHD-package.R
-rw-r--r--  1 ruibarrigana  EBI\Domain Users  27188 13 Nov 12:15 CoxRFX.R
-rw-r--r--  1 ruibarrigana  EBI\Domain Users   5264 13 Nov 12:15 Experimental.R
-rw-r--r--  1 ruibarrigana  EBI\Domain Users   2335 13 Nov 12:15 Simulate.R
-rw-r--r--  1 ruibarrigana  EBI\Domain Users   7305 13 Nov 12:15 Tools.R
-rw-r--r--  1 ruibarrigana  EBI\Domain Users   2999 16 Nov 16:37 probtrans_auxiliary_functions.R
-rw-r--r--  1 ruibarrigana  EBI\Domain Users   1240 13 Nov 12:15 r_concave_tail.R
]0;~/Google Drive/RWORK/packages/coxhd/Rgerstung01-ml:R ruibarrigana$ ls -a
.				CoxHD-package.R			Tools.R
..				CoxRFX.R			probtrans_auxiliary_functions.R
.Rapp.history			Experimental.R			r_concave_tail.R
CoxCPSS.R			Simulate.R
]0;~/Google Drive/RWORK/packages/coxhd/Rgerstung01-ml:R ruibarrigana$ del[K[K[Krm .Rapp.history 
]0;~/Google Drive/RWORK/packages/coxhd/Rgerstung01-ml:R ruibarrigana$ ls -a
.				CoxRFX.R			probtrans_auxiliary_functions.R
..				Experimental.R			r_concave_tail.R
CoxCPSS.R			Simulate.R
CoxHD-package.R			Tools.R
[Kgerstung01-ml:ebsurv ruibarrigana$ ls
DESCRIPTION	NAMESPACE	README.md	ebsurv.Rproj	man
Makefile	R		Test		inst		src
]0;~/Google Drive/RWORK/packages/ebsurvgerstung01-ml:ebsurv ruibarrigana$ cd src/
]0;~/Google Drive/RWORK/packages/ebsurv/srcgerstung01-ml:src ruibarrigana$ ls
]0;~/Google Drive/RWORK/packages/ebsurv/srcgerstung01-ml:src ruibarrigana$ ls --a
ls: illegal option -- -
usage: ls [-ABCFGHLOPRSTUWabcdefghiklmnopqrstuwx1] [file ...]
]0;~/Google Drive/RWORK/packages/ebsurv/srcgerstung01-ml:src ruibarrigana$ ls -a
.		..		.gitignore
ls
Untitled.cpp
]0;~/Google Drive/RWORK/packages/ebsurv/srcgerstung01-ml:src ruibarrigana$ cd ..
]0;~/Google Drive/RWORK/packages/ebsurvgerstung01-ml:ebsurv ruibarrigana$ ls
DESCRIPTION	NAMESPACE	README.md	ebsurv.Rproj	man
Makefile	R		Test		inst		src
]0;~/Google Drive/RWORK/packages/ebsurvgerstung01-ml:ebsurv ruibarrigana$ git revert ccf36ea4
error: your local changes would be overwritten by revert.
[33mhint: commit your changes or stash them to proceed.[m
fatal: revert failed
]0;~/Google Drive/RWORK/packages/ebsurvgerstung01-ml:ebsurv ruibarrigana$ git status
On branch ebsurv
Your branch is up to date with 'origin/ebsurv'.

Changes to be committed:
  (use "git reset HEAD <file>..." to unstage)

	[32mmodified:   DESCRIPTION[m
	[32mmodified:   NAMESPACE[m
	[32mmodified:   R/RcppExports.R[m
	[32mmodified:   R/ebsurv-package.R[m
	[32mdeleted:    man/timesTwo.Rd[m
	[32mdeleted:    src/RcppExports.cpp[m
	[32mdeleted:    src/dummy_cpp_function.cpp[m

Changes not staged for commit:
  (use "git add <file>..." to update what will be committed)
  (use "git checkout -- <file>..." to discard changes in working directory)

	[31mmodified:   .DS_Store[m
	[31mmodified:   DESCRIPTION[m
	[31mmodified:   NAMESPACE[m
	[31mmodified:   R/ebsurv-package.R[m

Untracked files:
  (use "git add <file>..." to include in what will be committed)

	[31msrc/Untitled.cpp[m

]0;~/Google Drive/RWORK/packages/ebsurvgerstung01-ml:ebsurv ruibarrigana$ git stath[Ks[K[Ksh
Saved working directory and index state WIP on ebsurv: aef9889 Add a dummy R function based on C++ code ('timesTwo) -- to learn/test the process of including C++ code based R functions.
]0;~/Google Drive/RWORK/packages/ebsurvgerstung01-ml:ebsurv ruibarrigana$ git stashtusrevert ccf36ea4
error: could not revert ccf36ea... These seem to be automatic additions made by roxygen2 once it was updated.
[33mhint: after resolving the conflicts, mark the corrected paths[m
[33mhint: with 'git add <paths>' or 'git rm <paths>'[m
[33mhint: and commit the result with 'git commit'[m
]0;~/Google Drive/RWORK/packages/ebsurvgerstung01-ml:ebsurv ruibarrigana$ git stath[K[Ksh
Saved working directory and index state WIP on ebsurv: aef9889 Add a dummy R function based on C++ code ('timesTwo) -- to learn/test the process of including C++ code based R functions.
]0;~/Google Drive/RWORK/packages/ebsurvgerstung01-ml:ebsurv ruibarrigana$ git revert bb5fc531
hint: Waiting for your editor to close the file... [?2004h[K[ebsurv 87d1299] Revert "Automatic changes caused by enabling 'build and reload' in project options > build tools > configure ."
 1 file changed, 1 insertion(+), 4 deletions(-)
]0;~/Google Drive/RWORK/packages/ebsurvgerstung01-ml:ebsurv ruibarrigana$ git revert bb5fc531
On branch ebsurv
Your branch is ahead of 'origin/ebsurv' by 1 commit.
  (use "git push" to publish your local commits)

nothing to commit, working tree clean
]0;~/Google Drive/RWORK/packages/ebsurvgerstung01-ml:ebsurv ruibarrigana$ git reset --hard 26af837[K[K[K[K[K[K[Kbb5fc531
HEAD is now at bb5fc53 Automatic changes caused by enabling 'build and reload' in project options > build tools > configure .
]0;~/Google Drive/RWORK/packages/ebsurvgerstung01-ml:ebsurv ruibarrigana$ git reset --hard bb5fc531[Kgit push origin -f
fatal: cannot run rpostback-askpass: No such file or directory
Username for 'https://github.com': rc28
fatal: cannot run rpostback-askpass: No such file or directory
Password for 'https://rc28@github.com': 
remote: Invalid username or password.
fatal: Authentication failed for 'https://github.com/gerstung-lab/CoxHD/'
]0;~/Google Drive/RWORK/packages/ebsurvgerstung01-ml:ebsurv ruibarrigana$ Gabi_2014
bash: Gabi_2014: command not found
]0;~/Google Drive/RWORK/packages/ebsurvgerstung01-ml:ebsurv ruibarrigana$ Gabi_2014git push origin -f
fatal: cannot run rpostback-askpass: No such file or directory
Username for 'https://github.com': rui   rc28
fatal: cannot run rpostback-askpass: No such file or directory
Password for 'https://rc28@github.com': 
Total 0 (delta 0), reused 0 (delta 0)
To https://github.com/gerstung-lab/CoxHD
 + aef9889...bb5fc53 ebsurv -> ebsurv (forced update)
git pus[K[K[Kreset --hard 9ddfed6f
HEAD is now at 9ddfed6 Reacting to the warning : "roxygen2 requires Encoding: UTF-8"
[Kgerstung01-ml:ebsurv ruibarrigana$ gcc
clang: [0;1;31merror: [0mno input files[0m
]0;~/Google Drive/RWORK/packages/ebsurvgerstung01-ml:ebsurv ruibarrigana$ gccscp ruibarrigana@ebi-cli-001:/gpfs/nobackup/gerstung//yu/TCGA/inception4/regression/survival/LUSC.cox.data.txt /Users/ruibarrigana/Google Driive/RWORK/Breast cancer analysis/data/ [1P [A[Ash ebi-cli-001[K
[K
[K[A[A[C[C[C[C[C[C[C[C[C[C[C[C[C[C[C[C[C[C[C[C[C[C[C[C[C[C[C[C[C[C[C[C[C[C[C[C[C[C[C[C[C[C[C[C[C[C[C[C[C[Cls[Kcd codels[Kssh ebi-cli-001cp ruibarrigana@ebi-cli-001:/gpfs/nobackup/gerstung//yu/TCGA/inception4/regression/survival/LUSC.cox.data.txt /Users/ruibarrigana/Google Driive/RWORK/Breast cancer analysis/data / [A[C[C[C[C[C[C[C[C[C[C[C[C[C[C[C[C[C[C[C[C[C[C[C[C[C[C[C[C[C[C[C[C[C[C[C[C[C[C[K
[K[A[C[C[C[C[C[C[C[C[C[C[C[C[C[C[C[C[C[C[C[C[C[C[C[C[C[C[C[C[C[C[C[C[C[C[C[C[C[C[C[C[C[C[C[C[C[C[C[C[C[C[C[C[C[C[C[C[C[C[C[C[C[C[C[C[C[C[C[C[C[C[C[C[C[C[C[C[C[A[C[C[C[C[C[C[C[C[C[C[C[C[C[C[C[C[C[C[C[C[C[C[C[C[C[C[C[C[C[C[C[C[C[C[Cgcc[K
[Kgerstung01-ml:ebsurv ruibarrigana$ open ~/li[K[KLibrary/lo[K[KLogs/Ch[Krashr[KReporter[K[K[K[K[K[K[K[K[K[K[K[K[K[C[1P ~/Library/Logs/[1P ~/Library/Logs/[1P ~/Library/Logs/[1P ~/Library/Logs/c ~/Library/Logs/d ~/Library/Logs/
]0;~/Library/Logsgerstung01-ml:Logs ruibarrigana$ ls
Adobe				Skype
Atom				SparkleUpdateLog.log
Baseband			fsck_hfs.log
DiagnosticReports		outset.log
DiscRecording.log		talagent.log
FlashPlayerInstallManager.log	talagent.log.0
GoogleSoftwareUpdateAgent.log	talagent.log.1
LwaTracing			talagent.log.2
Pulse Secure			talagent.log.3
SMSMigrator			talagent.log.4
]0;~/Library/Logsgerstung01-ml:Logs ruibarrigana$ [Kgerstung01-ml:Logs ruibarrigana$ cd DiagnosticReports/
]0;~/Library/Logs/DiagnosticReportsgerstung01-ml:DiagnosticReports ruibarrigana$ ls
FinderSyncAPIExtension_2019-01-09-152322_gerstung01-ml.crash
FinderSyncAPIExtension_2019-01-14-150946_gerstung01-ml.crash
FinderSyncAPIExtension_2019-01-16-105821_gerstung01-ml.crash
FinderSyncAPIExtension_2019-02-01-150042_gerstung01-ml.crash
com.apple.WebKit.WebContent_2019-01-31-094557-1_gerstung01-ml.crash
com.apple.WebKit.WebContent_2019-01-31-094557-2_gerstung01-ml.crash
com.apple.WebKit.WebContent_2019-01-31-094557-3_gerstung01-ml.crash
com.apple.WebKit.WebContent_2019-01-31-094609-1_gerstung01-ml.crash
com.apple.WebKit.WebContent_2019-01-31-094609-2_gerstung01-ml.crash
com.apple.WebKit.WebContent_2019-01-31-094609-3_gerstung01-ml.crash
com.apple.WebKit.WebContent_2019-01-31-094609-4_gerstung01-ml.crash
com.apple.WebKit.WebContent_2019-01-31-094609_gerstung01-ml.crash
com.apple.WebKit.WebContent_2019-01-31-094611-4_gerstung01-ml.crash
com.apple.WebKit.WebContent_2019-01-31-094611_gerstung01-ml.crash
com.apple.WebKit.WebContent_2019-01-31-094615-1_gerstung01-ml.crash
com.apple.WebKit.WebContent_2019-01-31-094615-2_gerstung01-ml.crash
com.apple.WebKit.WebContent_2019-01-31-094615-3_gerstung01-ml.crash
com.apple.WebKit.WebContent_2019-01-31-094615-4_gerstung01-ml.crash
com.apple.WebKit.WebContent_2019-01-31-094615_gerstung01-ml.crash
com.apple.WebKit.WebContent_2019-01-31-094617-1_gerstung01-ml.crash
com.apple.WebKit.WebContent_2019-01-31-094617-2_gerstung01-ml.crash
com.apple.WebKit.WebContent_2019-01-31-094617-3_gerstung01-ml.crash
com.apple.WebKit.WebContent_2019-01-31-094617-4_gerstung01-ml.crash
com.apple.WebKit.WebContent_2019-01-31-094617_gerstung01-ml.crash
rsession_2019-01-15-161230_gerstung01-ml.crash
rsession_2019-01-15-162814_gerstung01-ml.crash
rsession_2019-01-16-095502_gerstung01-ml.crash
rsession_2019-01-16-104829_gerstung01-ml.crash
rsession_2019-01-16-105530_gerstung01-ml.crash
rsession_2019-01-16-111737_gerstung01-ml.crash
rsession_2019-01-16-111935_gerstung01-ml.crash
rsession_2019-01-24-162849_gerstung01-ml.crash
rsession_2019-01-29-123243_gerstung01-ml.crash
rsession_2019-01-29-132108_gerstung01-ml.crash
rsession_2019-01-30-134121_gerstung01-ml.crash
rsession_2019-01-30-135924_gerstung01-ml.crash
rsession_2019-01-30-141109_gerstung01-ml.crash
rsession_2019-01-30-141652_gerstung01-ml.crash
rsession_2019-01-30-142036_gerstung01-ml.crash
rsession_2019-01-30-150416_gerstung01-ml.crash
rsession_2019-01-30-152406_gerstung01-ml.crash
rsession_2019-01-31-173557_gerstung01-ml.crash
rsession_2019-02-01-145943_gerstung01-ml.crash
rsession_2019-02-01-150324_gerstung01-ml.crash
]0;~/Library/Logs/DiagnosticReportsgerstung01-ml:DiagnosticReports ruibarrigana$ open rsession_2019-01-30-1359224_gerstung01-ml.crash 
